MacBook-Air-2:lush-properties-platform alukojoshfx$ git push origin main# Download the latest Replit project with the backend fixes
error: src refspec main# does not match any
error: src refspec Download does not match any
error: src refspec the does not match any
error: src refspec latest does not match any
error: src refspec Replit does not match any
error: src refspec project does not match any
error: src refspec with does not match any
error: src refspec the does not match any
error: src refspec backend does not match any
error: src refspec fixes does not match any
error: failed to push some refs to 'https://github.com/promaxsolutions/lush-properties-platform-v2.git'
MacBook-Air-2:lush-properties-platform alukojoshfx$ # Go to Replit → Three dots menu → "Download as zip" → Extract to Downloads
MacBook-Air-2:lush-properties-platform alukojoshfx$ 
MacBook-Air-2:lush-properties-platform alukojoshfx$ # Sync the updated files to your local repository:
MacBook-Air-2:lush-properties-platform alukojoshfx$ rsync -av --exclude='.git' --exclude='node_modules' ~/Downloads/"lush-properties-platform 2"/ .
Transfer starting: 335 files
vercel.json

sent 23798 bytes  received 42 bytes  1186069 bytes/sec
total size is 3703110  speedup is 155.33
MacBook-Air-2:lush-properties-platform alukojoshfx$ 
MacBook-Air-2:lush-properties-platform alukojoshfx$ # Now add the backend fix files:
MacBook-Air-2:lush-properties-platform alukojoshfx$ git add vercel.json api/index.js VERCEL_BACKEND_FIX.md
fatal: pathspec 'VERCEL_BACKEND_FIX.md' did not match any files
MacBook-Air-2:lush-properties-platform alukojoshfx$ 
MacBook-Air-2:lush-properties-platform alukojoshfx$ # Commit the serverless backend fix:
MacBook-Air-2:lush-properties-platform alukojoshfx$ git commit -m "fix: Add serverless API backend for Vercel deployment"
On branch main
Your branch is up to date with 'origin/main'.

Changes not staged for commit:
  (use "git add <file>..." to update what will be committed)
  (use "git restore <file>..." to discard changes in working directory)
	modified:   vercel.json

no changes added to commit (use "git add" and/or "git commit -a")
MacBook-Air-2:lush-properties-platform alukojoshfx$ 
MacBook-Air-2:lush-properties-platform alukojoshfx$ # Push to trigger Vercel rebuild:
MacBook-Air-2:lush-properties-platform alukojoshfx$ git push origin main
